Script started on Thu Jan 16 18:00:20 2025
Restored session: Thu Jan 16 17:37:32 CST 2025
xanderhill@mspwmnf43a28d79 ~ % docker container ls -a
CONTAINER ID   IMAGE         COMMAND    CREATED          STATUS                          PORTS     NAMES
f655ce0a4480   ubuntu        "bash"     24 minutes ago   Exited (0) 24 minutes ago                 ecstatic_elion
a32e21e34e1a   ubuntu        "bash"     43 minutes ago   Exited (0) About a minute ago             laughing_brown
2c3cf3bc9f52   hello-world   "/hello"   58 minutes ago   Exited (0) 58 minutes ago                 relaxed_lehmann
xanderhill@mspwmnf43a28d79 ~ % docker start -i estatic_elion
Error response from daemon: No such container: estatic_elion
xanderhill@mspwmnf43a28d79 ~ % docker start -i ecstatic_elion
root@f655ce0a4480:/# nano /usr/src/app/index.js
bash: nano: command not found
root@f655ce0a4480:/# apt-get update
Get:1 http://security.ubuntu.com/ubuntu noble-security InRelease [126 kB]
Get:2 http://archive.ubuntu.com/ubuntu noble InRelease [256 kB]
Get:3 http://archive.ubuntu.com/ubuntu noble-updates InRelease [126 kB]
Get:4 http://security.ubuntu.com/ubuntu noble-security/multiverse amd64 Packages [15.5 kB]
Get:5 http://archive.ubuntu.com/ubuntu noble-backports InRelease [126 kB]
Get:6 http://security.ubuntu.com/ubuntu noble-security/restricted amd64 Packages [722 kB]
Get:7 http://archive.ubuntu.com/ubuntu noble/universe amd64 Packages [19.3 MB]
Get:8 http://security.ubuntu.com/ubuntu noble-security/universe amd64 Packages [1035 kB]
Get:9 http://security.ubuntu.com/ubuntu noble-security/main amd64 Packages [737 kB]      
Get:10 http://archive.ubuntu.com/ubuntu noble/main amd64 Packages [1808 kB]              
Get:11 http://archive.ubuntu.com/ubuntu noble/multiverse amd64 Packages [331 kB]
Get:12 http://archive.ubuntu.com/ubuntu noble/restricted amd64 Packages [117 kB]
Get:13 http://archive.ubuntu.com/ubuntu noble-updates/universe amd64 Packages [1266 kB]
Get:14 http://archive.ubuntu.com/ubuntu noble-updates/multiverse amd64 Packages [19.7 kB]
Get:15 http://archive.ubuntu.com/ubuntu noble-updates/restricted amd64 Packages [737 kB]
Get:16 http://archive.ubuntu.com/ubuntu noble-updates/main amd64 Packages [984 kB]
Get:17 http://archive.ubuntu.com/ubuntu noble-backports/universe amd64 Packages [11.9 kB]
Fetched 27.7 MB in 3s (8554 kB/s)               
Reading package lists... Done
root@f655ce0a4480:/# apt-get -y install nano
Reading package lists... Done
Building dependency tree... Done
Reading state information... Done
Suggested packages:
  hunspell
The following NEW packages will be installed:
  nano
0 upgraded, 1 newly installed, 0 to remove and 0 not upgraded.
Need to get 282 kB of archives.
After this operation, 856 kB of additional disk space will be used.
Get:1 http://archive.ubuntu.com/ubuntu noble-updates/main amd64 nano amd64 7.2-2ubuntu0.1 [282 kB]
Fetched 282 kB in 0s (709 kB/s)
debconf: delaying package configuration, since apt-utils is not installed
Selecting previously unselected package nano.
(Reading database ... 4379 files and directories currently installed.)
Preparing to unpack .../nano_7.2-2ubuntu0.1_amd64.deb ...
Unpacking nano (7.2-2ubuntu0.1) ...
Setting up nano (7.2-2ubuntu0.1) ...
update-alternatives: using /bin/nano to provide /usr/bin/editor (editor) in auto mode
update-alternatives: warning: skip creation of /usr/share/man/man1/editor.1.gz because associated file /usr/share/man/man1/nano.1.gz (of link group editor) doesn't exist
update-alternatives: using /bin/nano to provide /usr/bin/pico (pico) in auto mode
update-alternatives: warning: skip creation of /usr/share/man/man1/pico.1.gz because associated file /usr/share/man/man1/nano.1.gz (of link group pico) doesn't exist
root@f655ce0a4480:/# nano /usr/src/app/index.js
root@f655ce0a4480:/# exit
exit
xanderhill@mspwmnf43a28d79 ~ % exit

Saving session...
...saving history...truncating history files...
...completed.

Script done on Thu Jan 16 18:11:28 2025
